// Jest Snapshot v1, https://goo.gl/fbAQLP

exports[`Details should take a snapshot 1`] = `
<DocumentFragment>
  <div />
</DocumentFragment>
`;
